emacs -Q --batch -L . --eval '(setq byte-compile-error-on-warn t load-prefer-newer t)' -f batch-byte-compile multihost-compgen.el multihost-completion.el multihost-connection.el multihost-connections-ui.el multihost-engine.el multihost-inventory.el multihost-worker.el multihost.el ob-multihost.el
emacs -Q --batch -L . -L test -l test/run-tests.el
Running 128 tests (2026-09-26 18:14:03+0200, selector ‘t’)
   passed    1/128  multihost-boundary-audit-rejects-control-characters-in-run-id (0.001128 sec)
   passed    2/128  multihost-boundary-audit-rejects-false-success (0.001000 sec)
   passed    3/128  multihost-boundary-audit-rejects-invalid-timestamp (0.000909 sec)
   passed    4/128  multihost-boundary-audit-rejects-nontext-output (0.000950 sec)
   passed    5/128  multihost-boundary-flat-list-is-not-deep-nesting (0.000390 sec)
   passed    6/128  multihost-boundary-json-rejects-trailing-data (0.000225 sec)
   passed    7/128  multihost-boundary-json-roundtrip-distinguishes-inert-values (0.001573 sec)
   passed    8/128  multihost-boundary-private-state-rejects-remote-before-io (0.179493 sec)
   passed    9/128  multihost-boundary-private-state-rejects-symlink-without-chmod (0.000234 sec)
   passed   10/128  multihost-boundary-relative-inventory-cannot-resolve-remotely (0.161920 sec)
   passed   11/128  multihost-boundary-relative-state-cannot-resolve-remotely (0.000321 sec)
   passed   12/128  multihost-boundary-worker-init-rejects-remote-before-access (0.169077 sec)
   passed   13/128  multihost-boundary-worker-rejects-local-privilege-and-implicit-host (0.000190 sec)
   passed   14/128  multihost-compgen-absence-is-failure-not-empty-success (0.000131 sec)
   passed   15/128  multihost-compgen-local-fixture-commands-and-files (0.066379 sec)
   passed   16/128  multihost-compgen-output-is-bounded-and-truncation-explicit (0.003058 sec)
   passed   17/128  multihost-compgen-prefix-is-data-never-shell-code (0.004033 sec)
   passed   18/128  multihost-compgen-rejects-local-routing-and-invalid-data (0.000116 sec)
   passed   19/128  multihost-completion-backpressure-does-not-cancel-active-workers (0.000172 sec)
   passed   20/128  multihost-completion-cache-ttl-and-size-are-bounded (0.000092 sec)
   passed   21/128  multihost-completion-debounce-edits-and-stale-prefix-results (0.000150 sec)
   passed   22/128  multihost-completion-explicit-opt-in-and-pending-dedup (0.000189 sec)
   passed   23/128  multihost-completion-filename-insertion-is-shell-quoted (0.001670 sec)
   passed   24/128  multihost-completion-inherited-opt-in-opens-no-connection (0.000146 sec)
   passed   25/128  multihost-completion-inspect-is-a-pure-per-host-snapshot (0.000203 sec)
   passed   26/128  multihost-completion-intersection-requires-all-complete-hosts (0.000187 sec)
   passed   27/128  multihost-completion-killed-buffer-ignores-late-replies (0.000092 sec)
   passed   28/128  multihost-completion-leading-dash-file-is-an-operand (0.000118 sec)
   passed   29/128  multihost-completion-malformed-host-response-is-not-authoritative (0.000111 sec)
   passed   30/128  multihost-completion-rejects-complex-context-without-traffic (0.000266 sec)
   passed   31/128  multihost-completion-routing-change-rejects-late-replies (0.000121 sec)
   passed   32/128  multihost-completion-routing-changes-preserve-global-backpressure (0.000202 sec)
   passed   33/128  multihost-completion-token-boundaries-and-filename-kind (0.000073 sec)
   passed   34/128  multihost-completion-union-retains-host-origins-and-errors (0.000131 sec)
   passed   35/128  multihost-connection-active-cancel-discards-worker-without-replay (0.284441 sec)
   passed   36/128  multihost-connection-active-timeout-retires-worker (1.148391 sec)
   passed   37/128  multihost-connection-background-auth-prompt-fails-without-consuming-rpc (0.300877 sec)
   passed   38/128  multihost-connection-child-prefers-source-over-stale-bytecode (0.142956 sec)
Multihost cleanup: Simulated file cleanup failure
Multihost cleanup: Simulated directory cleanup failure
   passed   39/128  multihost-connection-cleanup-errors-never-lose-callback-or-worker-slot (0.280206 sec)
   passed   40/128  multihost-connection-crash-does-not-replay-and-queue-recovers (0.263641 sec)
   passed   41/128  multihost-connection-global-limit-and-per-host-order (0.298172 sec)
   passed   42/128  multihost-connection-hop-keys-do-not-change-parent-tramp-proxies (0.000695 sec)
   passed   43/128  multihost-connection-identity-keeps-user-hop-port-and-state (0.001648 sec)
   passed   44/128  multihost-connection-idle-eviction-and-ttl (0.343953 sec)
   passed   45/128  multihost-connection-init-change-invalidates-queued-and-idle-workers (0.300697 sec)
   passed   46/128  multihost-connection-local-config-validation-performs-no-remote-io (0.000418 sec)
   passed   47/128  multihost-connection-local-configuration-works-from-remote-buffer (0.141755 sec)
   passed   48/128  multihost-connection-observer-can-submit-during-spawn-failure (0.141926 sec)
   passed   49/128  multihost-connection-payload-snapshot-and-private-files (0.141979 sec)
   passed   50/128  multihost-connection-protocol-faults-retire-workers-exactly-once (0.566563 sec)
   passed   51/128  multihost-connection-queued-cancel-keeps-active-request-and-calls-once (0.162303 sec)
   passed   52/128  multihost-connection-reset-is-targeted-and-calls-queued-observers (0.143116 sec)
   passed   53/128  multihost-connection-reuses-worker-and-keeps-cwd-per-request (0.162417 sec)
   passed   54/128  multihost-connection-timeout-includes-queue-without-cancelling-other-work (1.041016 sec)
   passed   55/128  multihost-connection-wrong-result-schema-is-rejected (0.163008 sec)
Connection closed; verify any interrupted remote operation before retrying
   passed   56/128  multihost-editor-close-connection-targets-only-row-at-point (0.000648 sec)
   passed   57/128  multihost-editor-completion-context-is-data-only-and-ordered (0.694940 sec)
   passed   58/128  multihost-editor-completion-rejects-remote-inventory-before-reading (0.170642 sec)
   passed   59/128  multihost-editor-completion-routing-changes-invalidate-context (0.000753 sec)
   passed   60/128  multihost-editor-connections-view-does-not-initiate-connections (0.000148 sec)
   passed   61/128  multihost-editor-dashboard-distinguishes-pool-waiting-from-execution (0.000052 sec)
Setting up indent for shell type bash
Indentation variables are now local.
Indentation setup for shell type bash
   passed   62/128  multihost-editor-explicit-opt-in-inherits-without-querying-on-edit (0.001265 sec)
Setting up indent for shell type bash
Indentation variables are now local.
Indentation setup for shell type bash
   passed   63/128  multihost-editor-source-edit-resolves-parent-hosts-without-remote-directory (0.000913 sec)
   passed   64/128  multihost-engine-cancel-before-first-tick-does-not-launch (0.062438 sec)
   passed   65/128  multihost-engine-concurrency-is-bounded-and-refills-slots (0.082840 sec)
   passed   66/128  multihost-engine-fail-fast-preserves-already-running-jobs (0.103734 sec)
   passed   67/128  multihost-engine-fail-fast-skips-pool-queued-requests (0.216184 sec)
   passed   68/128  multihost-engine-finalization-is-idempotent (0.031163 sec)
   passed   69/128  multihost-engine-freezes-mutable-source-and-inventory-strings (0.031481 sec)
   passed   70/128  multihost-engine-ignores-late-connection-callback (0.031096 sec)
   passed   71/128  multihost-engine-literal-tramp-selector-audit-roundtrip (0.031525 sec)
Multihost observer error: broken UI
Multihost observer error: broken UI
   passed   72/128  multihost-engine-observer-errors-do-not-corrupt-results (0.061661 sec)
   passed   73/128  multihost-engine-private-audit-excludes-code-and-marks-interruption (0.032164 sec)
   passed   74/128  multihost-engine-rejects-malformed-execution-results (0.034962 sec)
   passed   75/128  multihost-engine-retry-only-failed-hosts-in-original-order (0.030901 sec)
   passed   76/128  multihost-engine-serial-is-ordered-and-waits-for-completion (0.125366 sec)
   passed   77/128  multihost-engine-worker-crash-is-distinct-from-command-exit (0.082601 sec)
   passed   78/128  multihost-engine-worker-start-failure-does-not-hang (0.083198 sec)
   passed   79/128  multihost-inventory-case-sensitive-and-local-json (0.000105 sec)
   passed   80/128  multihost-inventory-invalid-selectors (0.000207 sec)
   passed   81/128  multihost-inventory-json-invalid (0.003070 sec)
   passed   82/128  multihost-inventory-json-valid (0.000344 sec)
   passed   83/128  multihost-inventory-literal-selectors (0.000113 sec)
   passed   84/128  multihost-inventory-never-evaluates (0.000072 sec)
   passed   85/128  multihost-inventory-preflight-does-not-connect (0.000088 sec)
   passed   86/128  multihost-inventory-rejects-local-or-ambiguous-routing (0.000191 sec)
   passed   87/128  multihost-inventory-routing-preserved (0.000132 sec)
   passed   88/128  multihost-inventory-selection-copies-data (0.000061 sec)
   passed   89/128  multihost-inventory-selection-order-and-exclusions (0.000099 sec)
   passed   90/128  multihost-ui-digest-groups-complete-outcomes (0.000106 sec)
Exported /tmp/multihost-export-test-8dvwhh/report.org
   passed   91/128  multihost-ui-export-private-and-no-overwrite (0.007130 sec)
   passed   92/128  multihost-ui-inventory-selection-keeps-inventory-order (0.000233 sec)
   passed   93/128  multihost-ui-output-cannot-inject-org-code-or-drawers (0.001912 sec)
   passed   94/128  multihost-ui-per-host-and-combined-buffers (0.000207 sec)
   passed   95/128  multihost-ui-per-host-view-shows-babel-value (0.000078 sec)
   passed   96/128  multihost-ui-relative-export-cannot-resolve-remotely (0.000263 sec)
   passed   97/128  multihost-ui-reload-retains-only-existing-marks (0.000394 sec)
   passed   98/128  multihost-ui-render-preserves-failure-and-zero-exit (0.000090 sec)
   passed   99/128  multihost-ui-table-cells-cannot-add-columns (0.000040 sec)
Babel evaluation exited with code 1
   passed  100/128  multihost-worker-advice-is-removed-after-error (0.014753 sec)
   passed  101/128  multihost-worker-connection-error-does-not-publish-input-as-output (0.000076 sec)
   passed  102/128  multihost-worker-json-preserves-params-without-reading-code (0.000380 sec)
   passed  103/128  multihost-worker-never-falls-back-to-local-execution (0.000050 sec)
   passed  104/128  multihost-worker-python-defaults-to-python3 (0.008182 sec)
Babel evaluation exited with code 9
   passed  105/128  multihost-worker-python-output-and-exit-status (0.008051 sec)
Can’t guess python-indent-offset, using defaults: 4
   passed  106/128  multihost-worker-python-value-preserves-babel-value (0.008846 sec)
   passed  107/128  multihost-worker-refuses-unsupported-or-unsafe-semantics (0.000173 sec)
Babel evaluation exited with code 7
   passed  108/128  multihost-worker-shell-failure-is-not-lisp-success (0.001986 sec)
   passed  109/128  multihost-worker-tramp-minus-one-preserves-keyboard-quit (0.000266 sec)
   passed  110/128  multihost-worker-variables-use-standard-babel-escaping (0.001780 sec)
Babel evaluation exited with code 0
   passed  111/128  multihost-worker-warning-on-stderr-does-not-mean-failure (0.002307 sec)
   passed  112/128  ob-multihost-authorized-expansion-happens-once (0.000789 sec)
   passed  113/128  ob-multihost-block-without-hosts-passes-through (0.000389 sec)
Multihost: source changed; results retained in run edited
   passed  114/128  ob-multihost-edited-block-retains-results-outside-runbook (0.000575 sec)
Evaluation of this sh code block is aborted.
   passed  115/128  ob-multihost-eval-never-and-denied-query-prevent-expansion (0.186014 sec)
   passed  116/128  ob-multihost-export-never-broadcasts (0.000417 sec)
   passed  117/128  ob-multihost-foreground-command-overrides-background-settings (0.000657 sec)
Multihost foreground: web
   passed  118/128  ob-multihost-foreground-fail-fast-keeps-order (0.001389 sec)
Multihost foreground: web
Multihost display callback: Observer failed
Multihost foreground: db
Multihost display callback: Observer failed
Multihost display callback: Observer failed
   passed  119/128  ob-multihost-foreground-observer-error-does-not-break-execution (0.001273 sec)
Multihost foreground: web
   passed  120/128  ob-multihost-foreground-quit-marks-running-and-queued (0.000836 sec)
   passed  121/128  ob-multihost-foreign-source-info-cannot-execute-current-body (0.000448 sec)
   passed  122/128  ob-multihost-invalid-options-fail-before-consent-or-execution (0.002384 sec)
   passed  123/128  ob-multihost-killed-source-buffer-is-harmless (0.000050 sec)
   passed  124/128  ob-multihost-older-run-cannot-overwrite-newer-submission (0.000633 sec)
Type q in help window to delete it
   passed  125/128  ob-multihost-preview-does-not-evaluate-vars-or-connect (0.000772 sec)
   passed  126/128  ob-multihost-preview-rejects-lisp-routing-without-eval (0.000363 sec)
   passed  127/128  ob-multihost-result-insertion-replaces-one-drawer (0.000767 sec)
   passed  128/128  ob-multihost-unsupported-result-placement-rejected-before-execution (0.001779 sec)

Ran 128 tests, 128 results as expected, 0 unexpected (2026-09-26 18:14:12+0200, 8.804847 sec)

